// Jest Snapshot v1, https://goo.gl/fbAQLP

exports[` 1`] = `
<div class="card showGif">
  <div class="info">
    <section>
      <h2>Focus</h2>
      <!--v-if-->
    </section>
    <div class="circle-bar" radius="20"><svg id="svg" width="100" height="100" viewPort="0 0 50 50" version="1.1" xmlns="http://www.w3.org/2000/svg">
        <circle r="45" cx="50" cy="50" fill="transparent" stroke-width="10px" stroke-dasharray="314.1592653589793" stroke-dashoffset="0"></circle>
        <circle id="bar" r="45" cx="50" cy="50" fill="transparent" stroke-width="10px" stroke-dasharray="314.1592653589793" stroke-dashoffset="314.1592653589793px"></circle>
      </svg>
      <div class="legend" style="font-size: 24px;">00:00</div>
    </div>
  </div>
</div>
`;

exports[`Card.vue test snapshot 1`] = `
<div class="card showGif">
  <div class="info">
    <section>
      <h2>Focus</h2>
      <!--v-if-->
    </section>
    <div class="circle-bar" radius="20"><svg id="svg" width="100" height="100" viewPort="0 0 50 50" version="1.1" xmlns="http://www.w3.org/2000/svg">
        <circle r="45" cx="50" cy="50" fill="transparent" stroke-width="10px" stroke-dasharray="314.1592653589793" stroke-dashoffset="0"></circle>
        <circle id="bar" r="45" cx="50" cy="50" fill="transparent" stroke-width="10px" stroke-dasharray="314.1592653589793" stroke-dashoffset="314.1592653589793px"></circle>
      </svg>
      <div class="legend" style="font-size: 24px;">00:00</div>
    </div>
  </div>
</div>
`;
