// Jest Snapshot v1, https://goo.gl/fbAQLP

exports[`CircleBar.vue check snapshot 1`] = `
<div class="circle-bar"><svg id="svg" width="50" height="50" viewPort="0 0 25 25" version="1.1" xmlns="http://www.w3.org/2000/svg">
    <circle r="20" cx="25" cy="25" fill="transparent" stroke-width="10px" stroke-dasharray="157.07963267948966" stroke-dashoffset="0"></circle>
    <circle id="bar" r="20" cx="25" cy="25" fill="transparent" stroke-width="10px" stroke-dasharray="157.07963267948966" stroke-dashoffset="117.80972450961724px"></circle>
  </svg>
  <div class="legend" style="font-size: 16px;">02:05</div>
</div>
`;
