// Jest Snapshot v1, https://goo.gl/fbAQLP

exports[`TagComponent mount should match the snapshot  1`] = `<button>My text</button>`;
